../Core/Src/gpio.c:44:7:LED_Blink_Mode_Config	16	static
../Core/Src/gpio.c:49:6:convert	24	static
../Core/Src/gpio.c:65:6:LED_Blink_Mode_1	8	static
../Core/Src/gpio.c:92:7:LED_Blink_Mode_2	8	static
../Core/Src/gpio.c:119:7:LED_Blink_Mode_3	8	static
../Core/Src/gpio.c:137:13:Short_Press_Button_1	4	static
../Core/Src/gpio.c:148:13:Short_Press_Button_2	8	static
../Core/Src/gpio.c:162:13:Long_Press_Button_1	4	static
../Core/Src/gpio.c:173:13:Long_Press_Button_2	4	static
../Core/Src/gpio.c:184:6:Buttons_Check	16	static
../Core/Src/gpio.c:223:5:checkButtonInMode	16	static
../Core/Src/gpio.c:240:6:Monitor_Show	4	static
