../Core/Src/main.c:85:6:CANTransmit	16	static
../Core/Src/main.c:107:5:main	8	static
../Core/Src/main.c:200:6:SystemClock_Config	72	static
../Core/Src/main.c:240:13:MX_CAN_Init	8	static
../Core/Src/main.c:290:13:MX_I2C2_Init	8	static
../Core/Src/main.c:324:13:MX_SPI1_Init	8	static
../Core/Src/main.c:362:13:MX_TIM2_Init	56	static
../Core/Src/main.c:411:13:MX_TIM3_Init	32	static
../Core/Src/main.c:456:13:MX_TIM4_Init	48	static
../Core/Src/main.c:505:13:MX_USART1_UART_Init	8	static
../Core/Src/main.c:538:13:MX_GPIO_Init	40	static
../Core/Src/main.c:592:6:Error_Handler	4	static,ignoring_inline_asm
